Archive member included because of file (symbol)

c:/winavr-20100110/bin/../lib/gcc/avr/4.3.3/avr51\libgcc.a(_exit.o)
                              c:/winavr-20100110/bin/../lib/gcc/avr/4.3.3/../../../../avr/lib/avr51/crtm128.o (exit)
c:/winavr-20100110/bin/../lib/gcc/avr/4.3.3/avr51\libgcc.a(_clear_bss.o)
                              control.o (__do_clear_bss)

Memory Configuration

Name             Origin             Length             Attributes
text             0x00000000         0x00020000         xr
data             0x00800060         0x0000ffa0         rw !x
eeprom           0x00810000         0x00010000         rw !x
fuse             0x00820000         0x00000400         rw !x
lock             0x00830000         0x00000400         rw !x
signature        0x00840000         0x00000400         rw !x
*default*        0x00000000         0xffffffff

Linker script and memory map

Address of section .data set to 0x800100
LOAD c:/winavr-20100110/bin/../lib/gcc/avr/4.3.3/../../../../avr/lib/avr51/crtm128.o
LOAD main.o
LOAD init.o
LOAD serial.o
LOAD control.o
LOAD service.o
LOAD c:/winavr-20100110/bin/../lib/gcc/avr/4.3.3/avr51\libgcc.a
LOAD c:/winavr-20100110/bin/../lib/gcc/avr/4.3.3/../../../../avr/lib/avr51\libc.a
LOAD c:/winavr-20100110/bin/../lib/gcc/avr/4.3.3/avr51\libgcc.a

.hash
 *(.hash)

.dynsym
 *(.dynsym)

.dynstr
 *(.dynstr)

.gnu.version
 *(.gnu.version)

.gnu.version_d
 *(.gnu.version_d)

.gnu.version_r
 *(.gnu.version_r)

.rel.init
 *(.rel.init)

.rela.init
 *(.rela.init)

.rel.text
 *(.rel.text)
 *(.rel.text.*)
 *(.rel.gnu.linkonce.t*)

.rela.text
 *(.rela.text)
 *(.rela.text.*)
 *(.rela.gnu.linkonce.t*)

.rel.fini
 *(.rel.fini)

.rela.fini
 *(.rela.fini)

.rel.rodata
 *(.rel.rodata)
 *(.rel.rodata.*)
 *(.rel.gnu.linkonce.r*)

.rela.rodata
 *(.rela.rodata)
 *(.rela.rodata.*)
 *(.rela.gnu.linkonce.r*)

.rel.data
 *(.rel.data)
 *(.rel.data.*)
 *(.rel.gnu.linkonce.d*)

.rela.data
 *(.rela.data)
 *(.rela.data.*)
 *(.rela.gnu.linkonce.d*)

.rel.ctors
 *(.rel.ctors)

.rela.ctors
 *(.rela.ctors)

.rel.dtors
 *(.rel.dtors)

.rela.dtors
 *(.rela.dtors)

.rel.got
 *(.rel.got)

.rela.got
 *(.rela.got)

.rel.bss
 *(.rel.bss)

.rela.bss
 *(.rela.bss)

.rel.plt
 *(.rel.plt)

.rela.plt
 *(.rela.plt)

.text           0x00000000      0x490
 *(.vectors)
 .vectors       0x00000000       0x8c c:/winavr-20100110/bin/../lib/gcc/avr/4.3.3/../../../../avr/lib/avr51/crtm128.o
                0x00000000                __vectors
                0x00000000                __vector_default
 *(.vectors)
 *(.progmem.gcc*)
 *(.progmem*)
                0x0000008c                . = ALIGN (0x2)
                0x0000008c                __trampolines_start = .
 *(.trampolines)
 .trampolines   0x0000008c        0x0 linker stubs
 *(.trampolines*)
                0x0000008c                __trampolines_end = .
 *(.jumptables)
 *(.jumptables*)
 *(.lowtext)
 *(.lowtext*)
                0x0000008c                __ctors_start = .
 *(.ctors)
                0x0000008c                __ctors_end = .
                0x0000008c                __dtors_start = .
 *(.dtors)
                0x0000008c                __dtors_end = .
 SORT(*)(.ctors)
 SORT(*)(.dtors)
 *(.init0)
 .init0         0x0000008c        0x0 c:/winavr-20100110/bin/../lib/gcc/avr/4.3.3/../../../../avr/lib/avr51/crtm128.o
                0x0000008c                __init
 *(.init0)
 *(.init1)
 *(.init1)
 *(.init2)
 .init2         0x0000008c        0xc c:/winavr-20100110/bin/../lib/gcc/avr/4.3.3/../../../../avr/lib/avr51/crtm128.o
 *(.init2)
 *(.init3)
 *(.init3)
 *(.init4)
 .init4         0x00000098       0x1a c:/winavr-20100110/bin/../lib/gcc/avr/4.3.3/../../../../avr/lib/avr51/crtm128.o
                0x00000098                __do_copy_data
 .init4         0x000000b2       0x10 c:/winavr-20100110/bin/../lib/gcc/avr/4.3.3/avr51\libgcc.a(_clear_bss.o)
                0x000000b2                __do_clear_bss
 *(.init4)
 *(.init5)
 *(.init5)
 *(.init6)
 *(.init6)
 *(.init7)
 *(.init7)
 *(.init8)
 *(.init8)
 *(.init9)
 .init9         0x000000c2        0x8 c:/winavr-20100110/bin/../lib/gcc/avr/4.3.3/../../../../avr/lib/avr51/crtm128.o
 *(.init9)
 *(.text)
 .text          0x000000ca        0x4 c:/winavr-20100110/bin/../lib/gcc/avr/4.3.3/../../../../avr/lib/avr51/crtm128.o
                0x000000ca                __vector_22
                0x000000ca                __vector_28
                0x000000ca                __vector_1
                0x000000ca                __vector_32
                0x000000ca                __vector_34
                0x000000ca                __vector_24
                0x000000ca                __vector_12
                0x000000ca                __bad_interrupt
                0x000000ca                __vector_6
                0x000000ca                __vector_31
                0x000000ca                __vector_3
                0x000000ca                __vector_23
                0x000000ca                __vector_30
                0x000000ca                __vector_25
                0x000000ca                __vector_11
                0x000000ca                __vector_13
                0x000000ca                __vector_17
                0x000000ca                __vector_19
                0x000000ca                __vector_7
                0x000000ca                __vector_27
                0x000000ca                __vector_5
                0x000000ca                __vector_33
                0x000000ca                __vector_4
                0x000000ca                __vector_9
                0x000000ca                __vector_2
                0x000000ca                __vector_21
                0x000000ca                __vector_29
                0x000000ca                __vector_8
                0x000000ca                __vector_26
                0x000000ca                __vector_14
                0x000000ca                __vector_10
                0x000000ca                __vector_16
                0x000000ca                __vector_18
                0x000000ca                __vector_20
 .text          0x000000ce       0x1a main.o
                0x000000ce                main
 .text          0x000000e8       0x30 init.o
                0x00000116                init_timer
                0x000000e8                init_port
 .text          0x00000118      0x1ca serial.o
                0x00000118                init_serial
                0x00000166                serial_process
                0x0000012e                serial_tx
                0x00000220                serial_loop
                0x0000013e                serial_tx_2
                0x00000136                serial_rx
                0x0000014c                serial_rx_2
 .text          0x000002e2      0x112 control.o
                0x000003c6                set_pan
                0x000002e2                init_control
                0x000003d0                wait_pan
                0x00000328                __vector_15
                0x000003e8                get_pan
 .text          0x000003f4       0x98 service.o
                0x00000442                ServTiltCameraSet
                0x0000044e                ServPanSet
                0x0000040a                ServPumpOff
                0x000003f6                ServEmergency
                0x00000426                ServTiltNozzleSet
                0x00000432                ServTiltCameraGet
                0x00000406                ServPumpOn
                0x00000412                ServValveOff
                0x0000046c                ServPanGet
                0x0000040e                ServValveOn
                0x000003f4                ServDeviceCheck
                0x00000416                ServTiltNozzleGet
 .text          0x0000048c        0x0 c:/winavr-20100110/bin/../lib/gcc/avr/4.3.3/avr51\libgcc.a(_exit.o)
 .text          0x0000048c        0x0 c:/winavr-20100110/bin/../lib/gcc/avr/4.3.3/avr51\libgcc.a(_clear_bss.o)
                0x0000048c                . = ALIGN (0x2)
 *(.text.*)
 .text.libgcc   0x0000048c        0x0 c:/winavr-20100110/bin/../lib/gcc/avr/4.3.3/avr51\libgcc.a(_exit.o)
 .text.libgcc   0x0000048c        0x0 c:/winavr-20100110/bin/../lib/gcc/avr/4.3.3/avr51\libgcc.a(_clear_bss.o)
                0x0000048c                . = ALIGN (0x2)
 *(.fini9)
 .fini9         0x0000048c        0x0 c:/winavr-20100110/bin/../lib/gcc/avr/4.3.3/avr51\libgcc.a(_exit.o)
                0x0000048c                exit
                0x0000048c                _exit
 *(.fini9)
 *(.fini8)
 *(.fini8)
 *(.fini7)
 *(.fini7)
 *(.fini6)
 *(.fini6)
 *(.fini5)
 *(.fini5)
 *(.fini4)
 *(.fini4)
 *(.fini3)
 *(.fini3)
 *(.fini2)
 *(.fini2)
 *(.fini1)
 *(.fini1)
 *(.fini0)
 .fini0         0x0000048c        0x4 c:/winavr-20100110/bin/../lib/gcc/avr/4.3.3/avr51\libgcc.a(_exit.o)
 *(.fini0)
                0x00000490                _etext = .

.data           0x00800100        0x0 load address 0x00000490
                0x00800100                PROVIDE (__data_start, .)
 *(.data)
 .data          0x00800100        0x0 c:/winavr-20100110/bin/../lib/gcc/avr/4.3.3/../../../../avr/lib/avr51/crtm128.o
 .data          0x00800100        0x0 main.o
 .data          0x00800100        0x0 init.o
 .data          0x00800100        0x0 serial.o
 .data          0x00800100        0x0 control.o
 .data          0x00800100        0x0 service.o
 .data          0x00800100        0x0 c:/winavr-20100110/bin/../lib/gcc/avr/4.3.3/avr51\libgcc.a(_exit.o)
 .data          0x00800100        0x0 c:/winavr-20100110/bin/../lib/gcc/avr/4.3.3/avr51\libgcc.a(_clear_bss.o)
 *(.data*)
 *(.rodata)
 *(.rodata*)
 *(.gnu.linkonce.d*)
                0x00800100                . = ALIGN (0x2)
                0x00800100                _edata = .
                0x00800100                PROVIDE (__data_end, .)

.bss            0x00800100        0x4
                0x00800100                PROVIDE (__bss_start, .)
 *(.bss)
 .bss           0x00800100        0x0 c:/winavr-20100110/bin/../lib/gcc/avr/4.3.3/../../../../avr/lib/avr51/crtm128.o
 .bss           0x00800100        0x0 main.o
 .bss           0x00800100        0x0 init.o
 .bss           0x00800100        0x0 serial.o
 .bss           0x00800100        0x4 control.o
                0x00800102                aimed_step
                0x00800100                current_step
 .bss           0x00800104        0x0 service.o
 .bss           0x00800104        0x0 c:/winavr-20100110/bin/../lib/gcc/avr/4.3.3/avr51\libgcc.a(_exit.o)
 .bss           0x00800104        0x0 c:/winavr-20100110/bin/../lib/gcc/avr/4.3.3/avr51\libgcc.a(_clear_bss.o)
 *(.bss*)
 *(COMMON)
                0x00800104                PROVIDE (__bss_end, .)
                0x00000490                __data_load_start = LOADADDR (.data)
                0x00000490                __data_load_end = (__data_load_start + SIZEOF (.data))

.noinit         0x00800104        0x0
                0x00800104                PROVIDE (__noinit_start, .)
 *(.noinit*)
                0x00800104                PROVIDE (__noinit_end, .)
                0x00800104                _end = .
                0x00800104                PROVIDE (__heap_start, .)

.eeprom         0x00810000        0x0
 *(.eeprom*)
                0x00810000                __eeprom_end = .

.fuse
 *(.fuse)
 *(.lfuse)
 *(.hfuse)
 *(.efuse)

.lock
 *(.lock*)

.signature
 *(.signature*)

.stab
 *(.stab)

.stabstr
 *(.stabstr)

.stab.excl
 *(.stab.excl)

.stab.exclstr
 *(.stab.exclstr)

.stab.index
 *(.stab.index)

.stab.indexstr
 *(.stab.indexstr)

.comment
 *(.comment)

.debug
 *(.debug)

.line
 *(.line)

.debug_srcinfo
 *(.debug_srcinfo)

.debug_sfnames
 *(.debug_sfnames)

.debug_aranges  0x00000000       0xa0
 *(.debug_aranges)
 .debug_aranges
                0x00000000       0x20 main.o
 .debug_aranges
                0x00000020       0x20 init.o
 .debug_aranges
                0x00000040       0x20 serial.o
 .debug_aranges
                0x00000060       0x20 control.o
 .debug_aranges
                0x00000080       0x20 service.o

.debug_pubnames
                0x00000000      0x231
 *(.debug_pubnames)
 .debug_pubnames
                0x00000000       0x1b main.o
 .debug_pubnames
                0x0000001b       0x2f init.o
 .debug_pubnames
                0x0000004a       0x81 serial.o
 .debug_pubnames
                0x000000cb       0x78 control.o
 .debug_pubnames
                0x00000143       0xee service.o

.debug_info     0x00000000      0x786
 *(.debug_info)
 .debug_info    0x00000000       0x7f main.o
 .debug_info    0x0000007f       0x84 init.o
 .debug_info    0x00000103      0x2a5 serial.o
 .debug_info    0x000003a8      0x141 control.o
 .debug_info    0x000004e9      0x29d service.o
 *(.gnu.linkonce.wi.*)

.debug_abbrev   0x00000000      0x3e6
 *(.debug_abbrev)
 .debug_abbrev  0x00000000       0x48 main.o
 .debug_abbrev  0x00000048       0x3d init.o
 .debug_abbrev  0x00000085      0x1d0 serial.o
 .debug_abbrev  0x00000255       0xd0 control.o
 .debug_abbrev  0x00000325       0xc1 service.o

.debug_line     0x00000000      0x723
 *(.debug_line)
 .debug_line    0x00000000       0x8b main.o
 .debug_line    0x0000008b       0xe3 init.o
 .debug_line    0x0000016e      0x287 serial.o
 .debug_line    0x000003f5      0x178 control.o
 .debug_line    0x0000056d      0x1b6 service.o

.debug_frame    0x00000000      0x200
 *(.debug_frame)
 .debug_frame   0x00000000       0x20 main.o
 .debug_frame   0x00000020       0x30 init.o
 .debug_frame   0x00000050       0x80 serial.o
 .debug_frame   0x000000d0       0x60 control.o
 .debug_frame   0x00000130       0xd0 service.o

.debug_str      0x00000000      0x24e
 *(.debug_str)
 .debug_str     0x00000000       0x86 main.o
                                 0xbf (size before relaxing)
 .debug_str     0x00000086       0x1f init.o
                                 0xca (size before relaxing)
 .debug_str     0x000000a5       0x8b serial.o
                                0x13b (size before relaxing)
 .debug_str     0x00000130       0x65 control.o
                                0x115 (size before relaxing)
 .debug_str     0x00000195       0xb9 service.o
                                0x18d (size before relaxing)

.debug_loc      0x00000000      0x297
 *(.debug_loc)
 .debug_loc     0x00000000      0x1af serial.o
 .debug_loc     0x000001af       0xe8 service.o

.debug_macinfo
 *(.debug_macinfo)
OUTPUT(WaterTurret.elf elf32-avr)
LOAD linker stubs

.debug_ranges   0x00000000       0x18
 .debug_ranges  0x00000000       0x18 serial.o
